................................................................................................................................................................................................................................
................................................................................................................................................................................................................................
................................................................................................................................................................................................................................
................................................................................BBBBBBBB...BBB...........................BBB....B..B........................................................SS..................................
...........................................................................................................................................................................................SSS..................................
..........................................................................................................................................................................................SSSS..................................
.........................................................................................................................................................................................SSSSS..................................
....................B.B.B....................................................B.B..............B.....BB................B..........BB......S..S..........SS..S............BB.B............SSSSSS..................................
........................................................................................................................................SS..SS........SSS..SS..........................SSSSSSS..................................
.......................................................................................................................................SSS..SSS......SSSS..SSS........................SSSSSSSS..................................
......................................................................................................................................SSSS..SSSS....SSSSS..SSSS......................SSSSSSSSS........S......B..................
DDDDDDDDDDDDDDDDDDDDDDDDDDDDDDDDDDDDDDDDDDDDDDDDDDDDDDDDDDDDDDDDDDDDD..DDDDDDDDDDDDDDD...DDDDDDDDDDDDDDDDDDDDDDDDDDDDDDDDDDDDDDDDDDDDDDDDDDDDDDDDDDDDDDDD..DDDDDDDDDDDDDDDDDDDDDDDDDDDDDDDDDDDDDDDDDDDDDDDDDDDDDDDDDDDDDDDDDDDDD
DDDDDDDDDDDDDDDDDDDDDDDDDDDDDDDDDDDDDDDDDDDDDDDDDDDDDDDDDDDDDDDDDDDDD..DDDDDDDDDDDDDDD...DDDDDDDDDDDDDDDDDDDDDDDDDDDDDDDDDDDDDDDDDDDDDDDDDDDDDDDDDDDDDDDD..DDDDDDDDDDDDDDDDDDDDDDDDDDDDDDDDDDDDDDDDDDDDDDDDDDDDDDDDDDDDDDDDDDDDD
